# serializer version: 1
# name: TestUtils.test_load_database_atmosphere[1-1000.0-0.0]
  array([[3.00000000e-07, 6.70006573e-01, 0.00000000e+00, 0.00000000e+00,
          4.59480000e+05, 5.58120000e+05],
         [3.10000000e-07, 7.08292782e-01, 0.00000000e+00, 0.00000000e+00,
          1.93110000e+06, 2.50940000e+06],
         [3.20000000e-07, 7.29579687e-01, 0.00000000e+00, 0.00000000e+00,
          4.43270000e+06, 6.22370000e+06],
         ...,
         [1.39800000e-05, 1.38834193e-01, 5.77420000e+06, 8.70480000e+05,
          1.35859996e-02, 1.40620000e+05],
         [1.39900000e-05, 8.74299034e-02, 6.10450000e+06, 5.47540000e+05,
          5.68979979e-03, 8.93820000e+04],
         [1.40000000e-05, 6.36345968e-02, 6.25160000e+06, 3.98050000e+05,
          3.34699987e-03, 6.52830000e+04]])
# ---
# name: TestUtils.test_load_database_atmosphere[1-1000.0-300.0]
  array([[3.00000000e-07, 6.53966129e-01, 0.00000000e+00, 0.00000000e+00,
          4.88075000e+05, 5.46860000e+05],
         [3.10000000e-07, 6.93575919e-01, 0.00000000e+00, 0.00000000e+00,
          2.05430000e+06, 2.46100000e+06],
         [3.20000000e-07, 7.15688318e-01, 0.00000000e+00, 0.00000000e+00,
          4.72195000e+06, 6.10894975e+06],
         ...,
         [1.39800000e-05, 1.27699103e-01, 5.84615000e+06, 8.00674969e+05,
          1.42909992e-02, 1.29325000e+05],
         [1.39900000e-05, 7.91614018e-02, 6.15660000e+06, 4.95765000e+05,
          5.98179991e-03, 8.09215000e+04],
         [1.40000000e-05, 5.69917988e-02, 6.29254975e+06, 3.56504984e+05,
          3.51644994e-03, 5.84680000e+04]])
# ---
# name: TestUtils.test_load_database_atmosphere[1-1000.0-500.0]
  array([[3.00000000e-07, 6.39254987e-01, 0.00000000e+00, 0.00000000e+00,
          5.14360000e+05, 5.36530000e+05],
         [3.10000000e-07, 6.80076718e-01, 0.00000000e+00, 0.00000000e+00,
          2.16750000e+06, 2.41660000e+06],
         [3.20000000e-07, 7.02941418e-01, 0.00000000e+00, 0.00000000e+00,
          4.98790000e+06, 6.00370000e+06],
         ...,
         [1.39800000e-05, 1.17551200e-01, 5.91170000e+06, 7.37060000e+05,
          1.49359992e-02, 1.19030000e+05],
         [1.39900000e-05, 7.16399029e-02, 6.20400000e+06, 4.48670000e+05,
          6.24909997e-03, 7.32260000e+04],
         [1.40000000e-05, 5.09545989e-02, 6.32970000e+06, 3.18739969e+05,
          3.67149990e-03, 5.22740000e+04]])
# ---
# name: TestUtils.test_load_database_atmosphere[1-300.0-0.0]
  array([[3.00000000e-07, 8.77600605e-01, 0.00000000e+00, 0.00000000e+00,
          1.64022723e+05, 7.01664545e+05],
         [3.10000000e-07, 8.92716825e-01, 0.00000000e+00, 0.00000000e+00,
          6.87861818e+05, 3.12197255e+06],
         [3.20000000e-07, 9.00926400e-01, 0.00000000e+00, 0.00000000e+00,
          1.57429075e+06, 7.66545441e+06],
         ...,
         [1.39800000e-05, 4.49812578e-01, 3.68809091e+06, 2.81941818e+06,
          3.37730005e-03, 4.56972727e+05],
         [1.39900000e-05, 3.66087433e-01, 4.23972709e+06, 2.29223636e+06,
          1.30749274e-03, 3.74723632e+05],
         [1.40000000e-05, 3.04008646e-01, 4.64626364e+06, 1.90154545e+06,
          6.69492705e-04, 3.11919977e+05]])
# ---
# name: TestUtils.test_load_database_atmosphere_no_interp[1-1000.0-0.0]
  array([[3.00000000e-07, 6.70006573e-01, 0.00000000e+00, 0.00000000e+00,
          4.59480000e+05, 5.58120000e+05],
         [3.10000000e-07, 7.08292782e-01, 0.00000000e+00, 0.00000000e+00,
          1.93110000e+06, 2.50940000e+06],
         [3.20000000e-07, 7.29579687e-01, 0.00000000e+00, 0.00000000e+00,
          4.43270000e+06, 6.22370000e+06],
         ...,
         [1.39800000e-05, 1.38834193e-01, 5.77420000e+06, 8.70480000e+05,
          1.35859996e-02, 1.40620000e+05],
         [1.39900000e-05, 8.74299034e-02, 6.10450000e+06, 5.47540000e+05,
          5.68979979e-03, 8.93820000e+04],
         [1.40000000e-05, 6.36345968e-02, 6.25160000e+06, 3.98050000e+05,
          3.34699987e-03, 6.52830000e+04]])
# ---
# name: TestUtils.test_load_database_atmosphere_no_interp[1-1000.0-500.0]
  array([[3.00000000e-07, 6.39254987e-01, 0.00000000e+00, 0.00000000e+00,
          5.14360000e+05, 5.36530000e+05],
         [3.10000000e-07, 6.80076718e-01, 0.00000000e+00, 0.00000000e+00,
          2.16750000e+06, 2.41660000e+06],
         [3.20000000e-07, 7.02941418e-01, 0.00000000e+00, 0.00000000e+00,
          4.98790000e+06, 6.00370000e+06],
         ...,
         [1.39800000e-05, 1.17551200e-01, 5.91170000e+06, 7.37060000e+05,
          1.49359992e-02, 1.19030000e+05],
         [1.39900000e-05, 7.16399029e-02, 6.20400000e+06, 4.48670000e+05,
          6.24909997e-03, 7.32260000e+04],
         [1.40000000e-05, 5.09545989e-02, 6.32970000e+06, 3.18739969e+05,
          3.67149990e-03, 5.22740000e+04]])
# ---
