# serializer version: 1
# name: TestSimulation.test_instantaneous_FOV[1-1]
  1.0
# ---
# name: TestSimulation.test_instantaneous_FOV[1-2]
  0.5
# ---
# name: TestSimulation.test_instantaneous_FOV[2-1]
  2.0
# ---
# name: TestSimulation.test_simulate_image[img_path0-0.0199375-1000]
  tuple(
    array([[71258950.64492463, 73586684.67593186, 72422817.66042824, ...,
          66603482.58291017, 68931216.6139174 , 68931216.6139174 ],
         [53800945.41237042, 56710612.95112947, 61366081.01314393, ...,
          64857682.05965476, 60784147.50539211, 60784147.50539211],
         [60784147.50539211, 62529948.02864752, 64857682.05965476, ...,
          77660219.23019451, 77660219.23019451, 74750551.69143547],
         ...,
         [67767349.5984138 , 77660219.23019451, 72422817.66042824, ...,
          84643421.3232162 , 78824086.24569812, 77660219.23019451],
         [76496352.21469091, 79987953.26120174, 77660219.23019451, ...,
          81733753.78445716, 82897620.79996076, 79987953.26120174],
         [79987953.26120174, 81733753.78445716, 77660219.23019451, ...,
          81733753.78445716, 78824086.24569812, 78824086.24569812]]),
    array([[70499082.61108348, 72660202.52609777, 71700391.59512514, ...,
          66652783.3950993 , 68644086.61927032, 68640961.45987073],
         [54581746.45099125, 57293184.76479223, 61599312.96409287, ...,
          65199980.57119802, 61457702.20028968, 61392503.51291855],
         [60882251.04746003, 62516383.96557363, 64675849.07211341, ...,
          76957180.44289407, 76878040.82601309, 74244053.48557803],
         ...,
         [68405137.45620061, 77323988.90188234, 72768881.18679102, ...,
          84341778.36378199, 79020237.70902634, 77912446.14460203],
         [76526711.82783598, 79730512.52480857, 77630408.60857785, ...,
          81785932.47657025, 82684011.79466785, 80035807.54731642],
         [79829080.72890282, 81413776.98888934, 77718285.2991145 , ...,
          81743066.77257049, 79043846.61154506, 78963599.22289643]]),
    array([[70506067., 72652060., 71704685., ..., 66653573., 68643172.,
          68634563.],
         [54574595., 57295365., 61597949., ..., 65200958., 61450023.,
          61382677.],
         [60874963., 62508656., 64675898., ..., 76954960., 76896231.,
          74244991.],
         ...,
         [68396820., 77321020., 72774392., ..., 84336717., 79021704.,
          77913956.],
         [76535309., 79733361., 77635978., ..., 81780858., 82679487.,
          80038199.],
         [79844994., 81407244., 77729328., ..., 81745980., 79044889.,
          78965426.]]),
  )
# ---
# name: TestSimulation.test_simulate_image[img_path1-0.0199375-10000]
  tuple(
    array([[73946687.99137868, 76056742.50726251, 75001715.24932061, ...,
          69726578.959611  , 71836633.47549483, 71836633.47549483],
         [58121279.12224987, 60758847.26710466, 64978956.29887236, ...,
          68144038.0726981 , 64451442.66990139, 64451442.66990139],
         [64451442.66990139, 66033983.55681428, 68144038.0726981 , ...,
          79749337.91005926, 79749337.91005926, 77111769.76520444],
         ...,
         [70781606.21755292, 79749337.91005926, 75001715.24932061, ...,
          86079501.45771077, 80804365.16800116, 79749337.91005926],
         [78694310.65211731, 81859392.42594308, 79749337.91005926, ...,
          83441933.31285597, 84496960.57079789, 81859392.42594308],
         [81859392.42594308, 83441933.31285597, 79749337.91005926, ...,
          83441933.31285597, 80804365.16800116, 80804365.16800116]]),
    array([[73256190.63097939, 75214846.1204474 , 74345248.77404314, ...,
          69771368.8554754 , 71575704.87076358, 71572864.92993161],
         [58830794.26167661, 61288233.6754351 , 65190901.64631717, ...,
          68455091.39369458, 65063505.01651244, 65004259.2952997 ],
         [64540584.19663119, 66021655.59466739, 67978807.63695094, ...,
          79110490.68674164, 79038571.21631715, 76651510.87225392],
         ...,
         [71361166.03580086, 79443807.81147869, 75316187.54599485, ...,
          85805402.48066987, 80982607.27093886, 79978532.19588596],
         [78721905.52091017, 81625457.38055308, 79722254.96747822, ...,
          83489350.34496269, 84302852.92983353, 81902873.02018456],
         [81715037.99734947, 83151174.86075605, 79802108.57645702, ...,
          83450399.03468086, 81004060.57343812, 80931140.83784842]]),
    array([[73260711., 75220510., 74341602., ..., 69776873., 71579322.,
          71575147.],
         [58844394., 61288052., 65182505., ..., 68463659., 65055658.,
          65004671.],
         [64542700., 66027670., 67976600., ..., 79101057., 79027780.,
          76645219.],
         ...,
         [71368248., 79442180., 75307242., ..., 85823195., 80973315.,
          79979757.],
         [78730548., 81625201., 79746970., ..., 83481376., 84299468.,
          81908254.],
         [81714306., 83150858., 79797461., ..., 83446961., 81013355.,
          80931696.]]),
  )
# ---
# name: TestSimulation.test_stretch_contrast_convert_8bit[img_path0-None]
  list([
    array([[184, 190, 187, ..., 171, 177, 177],
         [135, 143, 156, ..., 166, 154, 154],
         [154, 159, 166, ..., 201, 201, 193],
         ...,
         [174, 201, 187, ..., 221, 205, 201],
         [198, 208, 201, ..., 213, 216, 208],
         [208, 213, 201, ..., 213, 205, 205]], dtype=uint8),
  ])
# ---
# name: TestSimulation.test_stretch_contrast_convert_8bit[img_path1-perc1]
  list([
    array([[186, 197, 192, ..., 165, 175, 175],
         [104, 118, 140, ..., 156, 137, 137],
         [137, 145, 156, ..., 217, 217, 203],
         ...,
         [170, 217, 192, ..., 250, 222, 217],
         [211, 228, 217, ..., 236, 241, 228],
         [228, 236, 217, ..., 236, 222, 222]], dtype=uint8),
  ])
# ---
