{"__type__": "float", "value": 8.101226271723341}
