{"__type__": "tuple", "items": [{"__type__": "float", "value": 3.341217068150002}, {"__type__": "float", "value": 1.0230310532914486}, {"__type__": "float", "value": 1.0}]}
