{"__type__": "tuple", "items": [{"__type__": "float", "value": 5.015165370148328}, {"__type__": "float", "value": 0.52832}, {"__type__": "float", "value": 0.35}]}
