{"__type__": "tuple", "items": [{"__type__": "float", "value": 0.0}, {"__type__": "float", "value": 0.0}]}
