{"__type__": "float", "value": 4.034047939178196}
