{"__type__": "float", "value": 79.00040639407881}
