{"__type__": "tuple", "items": [{"__type__": "float", "value": -Infinity}, {"__type__": "float", "value": Infinity}]}
