{"__type__": "float", "value": 0.7071067811865476}
