{"__type__": "float", "value": 0.2886751345948129}
