# serializer version: 1
# name: TestNoise.test_noise_gain_valid[kernel0-expectation0]
  0.5
# ---
# name: TestNoise.test_noise_gain_valid[kernel1-expectation1]
  0.7071067811865476
# ---
