{"__type__": "ndarray", "dtype": "float64", "shape": [3], "data": [{"__type__": "float", "value": 1.0}, {"__type__": "float", "value": 2.0}, {"__type__": "float", "value": 3.0}]}
