{"__type__": "ndarray", "dtype": "float64", "shape": [6], "data": [{"__type__": "float", "value": 8.666666666666668}, {"__type__": "float", "value": 8.666666666666668}, {"__type__": "float", "value": 8.666666666666668}, {"__type__": "float", "value": 8.666666666666668}, {"__type__": "float", "value": 8.666666666666668}, {"__type__": "float", "value": 8.666666666666668}]}
