{"__type__": "tuple", "items": [{"__type__": "ndarray", "dtype": "float64", "shape": [100], "data": [{"__type__": "float", "value": 0.0}, {"__type__": "float", "value": 0.010101010101010102}, {"__type__": "float", "value": 0.020202020202020204}, {"__type__": "float", "value": 0.030303030303030304}, {"__type__": "float", "value": 0.04040404040404041}, {"__type__": "float", "value": 0.05050505050505051}, {"__type__": "float", "value": 0.06060606060606061}, {"__type__": "float", "value": 0.07070707070707072}, {"__type__": "float", "value": 0.08080808080808081}, {"__type__": "float", "value": 0.09090909090909091}, {"__type__": "float", "value": 0.10101010101010102}, {"__type__": "float", "value": 0.11111111111111112}, {"__type__": "float", "value": 0.12121212121212122}, {"__type__": "float", "value": 0.13131313131313133}, {"__type__": "float", "value": 0.14141414141414144}, {"__type__": "float", "value": 0.15151515151515152}, {"__type__": "float", "value": 0.16161616161616163}, {"__type__": "float", "value": 0.17171717171717174}, {"__type__": "float", "value": 0.18181818181818182}, {"__type__": "float", "value": 0.19191919191919193}, {"__type__": "float", "value": 0.20202020202020204}, {"__type__": "float", "value": 0.21212121212121213}, {"__type__": "float", "value": 0.22222222222222224}, {"__type__": "float", "value": 0.23232323232323235}, {"__type__": "float", "value": 0.24242424242424243}, {"__type__": "float", "value": 0.25252525252525254}, {"__type__": "float", "value": 0.26262626262626265}, {"__type__": "float", "value": 0.27272727272727276}, {"__type__": "float", "value": 0.2828282828282829}, {"__type__": "float", "value": 0.29292929292929293}, {"__type__": "float", "value": 0.30303030303030304}, {"__type__": "float", "value": 0.31313131313131315}, {"__type__": "float", "value": 0.32323232323232326}, {"__type__": "float", "value": 0.33333333333333337}, {"__type__": "float", "value": 0.3434343434343435}, {"__type__": "float", "value": 0.3535353535353536}, {"__type__": "float", "value": 0.36363636363636365}, {"__type__": "float", "value": 0.37373737373737376}, {"__type__": "float", "value": 0.38383838383838387}, {"__type__": "float", "value": 0.393939393939394}, {"__type__": "float", "value": 0.4040404040404041}, {"__type__": "float", "value": 0.4141414141414142}, {"__type__": "float", "value": 0.42424242424242425}, {"__type__": "float", "value": 0.43434343434343436}, {"__type__": "float", "value": 0.4444444444444445}, {"__type__": "float", "value": 0.4545454545454546}, {"__type__": "float", "value": 0.4646464646464647}, {"__type__": "float", "value": 0.4747474747474748}, {"__type__": "float", "value": 0.48484848484848486}, {"__type__": "float", "value": 0.494949494949495}, {"__type__": "float", "value": 0.5050505050505051}, {"__type__": "float", "value": 0.5151515151515152}, {"__type__": "float", "value": 0.5252525252525253}, {"__type__": "float", "value": 0.5353535353535354}, {"__type__": "float", "value": 0.5454545454545455}, {"__type__": "float", "value": 0.5555555555555556}, {"__type__": "float", "value": 0.5656565656565657}, {"__type__": "float", "value": 0.5757575757575758}, {"__type__": "float", "value": 0.5858585858585859}, {"__type__": "float", "value": 0.595959595959596}, {"__type__": "float", "value": 0.6060606060606061}, {"__type__": "float", "value": 0.6161616161616162}, {"__type__": "float", "value": 0.6262626262626263}, {"__type__": "float", "value": 0.6363636363636365}, {"__type__": "float", "value": 0.6464646464646465}, {"__type__": "float", "value": 0.6565656565656566}, {"__type__": "float", "value": 0.6666666666666667}, {"__type__": "float", "value": 0.6767676767676768}, {"__type__": "float", "value": 0.686868686868687}, {"__type__": "float", "value": 0.696969696969697}, {"__type__": "float", "value": 0.7070707070707072}, {"__type__": "float", "value": 0.7171717171717172}, {"__type__": "float", "value": 0.7272727272727273}, {"__type__": "float", "value": 0.7373737373737375}, {"__type__": "float", "value": 0.7474747474747475}, {"__type__": "float", "value": 0.7575757575757577}, {"__type__": "float", "value": 0.7676767676767677}, {"__type__": "float", "value": 0.7777777777777778}, {"__type__": "float", "value": 0.787878787878788}, {"__type__": "float", "value": 0.797979797979798}, {"__type__": "float", "value": 0.8080808080808082}, {"__type__": "float", "value": 0.8181818181818182}, {"__type__": "float", "value": 0.8282828282828284}, {"__type__": "float", "value": 0.8383838383838385}, {"__type__": "float", "value": 0.8484848484848485}, {"__type__": "float", "value": 0.8585858585858587}, {"__type__": "float", "value": 0.8686868686868687}, {"__type__": "float", "value": 0.8787878787878789}, {"__type__": "float", "value": 0.888888888888889}, {"__type__": "float", "value": 0.8989898989898991}, {"__type__": "float", "value": 0.9090909090909092}, {"__type__": "float", "value": 0.9191919191919192}, {"__type__": "float", "value": 0.9292929292929294}, {"__type__": "float", "value": 0.9393939393939394}, {"__type__": "float", "value": 0.9494949494949496}, {"__type__": "float", "value": 0.9595959595959597}, {"__type__": "float", "value": 0.9696969696969697}, {"__type__": "float", "value": 0.9797979797979799}, {"__type__": "float", "value": 0.98989898989899}, {"__type__": "float", "value": 1.0}]}, {"__type__": "ndarray", "dtype": "float64", "shape": [100], "data": [{"__type__": "float", "value": 0.0}, {"__type__": "float", "value": 0.0}, {"__type__": "float", "value": 0.0}, {"__type__": "float", "value": 0.0}, {"__type__": "float", "value": 0.0}, {"__type__": "float", "value": 0.0}, {"__type__": "float", "value": 0.0}, {"__type__": "float", "value": 0.0}, {"__type__": "float", "value": 0.0}, {"__type__": "float", "value": 0.0}, {"__type__": "float", "value": 0.0}, {"__type__": "float", "value": 0.0}, {"__type__": "float", "value": 0.0}, {"__type__": "float", "value": 0.0}, {"__type__": "float", "value": 0.0}, {"__type__": "float", "value": 0.0}, {"__type__": "float", "value": 0.0}, {"__type__": "float", "value": 0.0}, {"__type__": "float", "value": 0.0}, {"__type__": "float", "value": 0.0}, {"__type__": "float", "value": 0.0}, {"__type__": "float", "value": 0.0}, {"__type__": "float", "value": 0.0}, {"__type__": "float", "value": 0.0}, {"__type__": "float", "value": 0.0}, {"__type__": "float", "value": 0.0}, {"__type__": "float", "value": 0.0}, {"__type__": "float", "value": 0.0}, {"__type__": "float", "value": 0.0}, {"__type__": "float", "value": 0.0}, {"__type__": "float", "value": 0.0}, {"__type__": "float", "value": 0.0}, {"__type__": "float", "value": 0.0}, {"__type__": "float", "value": 0.0}, {"__type__": "float", "value": 0.0}, {"__type__": "float", "value": 0.0}, {"__type__": "float", "value": 0.0}, {"__type__": "float", "value": 0.0}, {"__type__": "float", "value": 0.0}, {"__type__": "float", "value": 0.0}, {"__type__": "float", "value": 0.0}, {"__type__": "float", "value": 0.0}, {"__type__": "float", "value": 0.0}, {"__type__": "float", "value": 0.0}, {"__type__": "float", "value": 0.0}, {"__type__": "float", "value": 0.0}, {"__type__": "float", "value": 0.0}, {"__type__": "float", "value": 0.0}, {"__type__": "float", "value": 0.0}, {"__type__": "float", "value": 0.0}, {"__type__": "float", "value": 0.0}, {"__type__": "float", "value": 0.0}, {"__type__": "float", "value": 0.0}, {"__type__": "float", "value": 0.0}, {"__type__": "float", "value": 0.0}, {"__type__": "float", "value": 0.0}, {"__type__": "float", "value": 0.0}, {"__type__": "float", "value": 0.0}, {"__type__": "float", "value": 0.0}, {"__type__": "float", "value": 0.0}, {"__type__": "float", "value": 0.0}, {"__type__": "float", "value": 0.0}, {"__type__": "float", "value": 0.0}, {"__type__": "float", "value": 0.0}, {"__type__": "float", "value": 0.0}, {"__type__": "float", "value": 0.0}, {"__type__": "float", "value": 0.0}, {"__type__": "float", "value": 0.0}, {"__type__": "float", "value": 0.0}, {"__type__": "float", "value": 0.0}, {"__type__": "float", "value": 0.0}, {"__type__": "float", "value": 0.0}, {"__type__": "float", "value": 0.0}, {"__type__": "float", "value": 0.0}, {"__type__": "float", "value": 0.0}, {"__type__": "float", "value": 0.0}, {"__type__": "float", "value": 0.0}, {"__type__": "float", "value": 0.0}, {"__type__": "float", "value": 0.0}, {"__type__": "float", "value": 0.0}, {"__type__": "float", "value": 0.0}, {"__type__": "float", "value": 0.0}, {"__type__": "float", "value": 0.0}, {"__type__": "float", "value": 0.0}, {"__type__": "float", "value": 0.0}, {"__type__": "float", "value": 0.0}, {"__type__": "float", "value": 0.0}, {"__type__": "float", "value": 0.0}, {"__type__": "float", "value": 0.0}, {"__type__": "float", "value": 0.0}, {"__type__": "float", "value": 0.0}, {"__type__": "float", "value": 0.0}, {"__type__": "float", "value": 0.0}, {"__type__": "float", "value": 0.0}, {"__type__": "float", "value": 0.0}, {"__type__": "float", "value": 0.0}, {"__type__": "float", "value": 0.0}, {"__type__": "float", "value": 0.0}, {"__type__": "float", "value": 0.0}, {"__type__": "float", "value": 0.0}]}, {"__type__": "ndarray", "dtype": "float64", "shape": [2, 6], "data": [{"__type__": "list", "items": [{"__type__": "float", "value": 1.0}, {"__type__": "float", "value": 1.0}, {"__type__": "float", "value": 1.0}, {"__type__": "float", "value": 1.0}, {"__type__": "float", "value": 1.0}, {"__type__": "float", "value": 1.0}]}, {"__type__": "list", "items": [{"__type__": "float", "value": 1.0}, {"__type__": "float", "value": 1.0}, {"__type__": "float", "value": 1.0}, {"__type__": "float", "value": 1.0}, {"__type__": "float", "value": 1.0}, {"__type__": "float", "value": 1.0}]}]}]}
