{"__type__": "tuple", "items": [{"__type__": "ndarray", "dtype": "float64", "shape": [1], "data": [{"__type__": "float", "value": 1.6283185307179586}]}, {"__type__": "ndarray", "dtype": "float64", "shape": [0], "data": []}]}
