{"__type__": "ndarray", "dtype": "float64", "shape": [1], "data": [{"__type__": "float", "value": 2.0655974021064883e-14}]}
