{"__type__": "ndarray", "dtype": "float64", "shape": [2], "data": [{"__type__": "float", "value": 5.034116651114543e+24}, {"__type__": "float", "value": 5.034116651114543e+24}]}
