{"__type__": "ndarray", "dtype": "float64", "shape": [6], "data": [{"__type__": "float", "value": 2.0}, {"__type__": "float", "value": 2.0}, {"__type__": "float", "value": 2.0}, {"__type__": "float", "value": 2.0}, {"__type__": "float", "value": 2.0}, {"__type__": "float", "value": 2.0}]}
