{"__type__": "tuple", "items": [{"__type__": "float", "value": 1.0}, {"__type__": "ndarray", "dtype": "float64", "shape": [2], "data": [{"__type__": "float", "value": 1.6283185307179586}, {"__type__": "float", "value": 1.6283185307179586}]}, {"__type__": "ndarray", "dtype": "float64", "shape": [2], "data": [{"__type__": "float", "value": 8.197145428805643e+24}, {"__type__": "float", "value": 8.197145428805643e+24}]}]}
