{"__type__": "ndarray", "dtype": "float64", "shape": [1], "data": [{"__type__": "float", "value": 1.6666666666666665}]}
