{"__type__": "ndarray", "dtype": "float64", "shape": [1], "data": [{"__type__": "float", "value": -1.1337097232005271e-18}]}
