{"__type__": "tuple", "items": [{"__type__": "ndarray", "dtype": "float64", "shape": [1], "data": [{"__type__": "float", "value": 2.7466560073027004e-09}]}, {"__type__": "float", "value": 0.3340840371124818}]}
