{"__type__": "ndarray", "dtype": "float64", "shape": [2], "data": [{"__type__": "float", "value": 0.02636412049677297}, {"__type__": "float", "value": 0.02636412049677297}]}
