{"__type__": "ndarray", "dtype": "complex128", "shape": [2], "data": [{"__type__": "complex", "real": 1.2875275370254419e-15, "imag": 4.586612091184779e-16}, {"__type__": "complex", "real": 1.2875275370254419e-15, "imag": 4.586612091184779e-16}]}
