{"__type__": "float", "value": 0.23749058343491444}
