{"__type__": "ndarray", "dtype": "float64", "shape": [1], "data": [{"__type__": "float", "value": 0.8557664657655754}]}
