{"__type__": "ndarray", "dtype": "float64", "shape": [1], "data": [{"__type__": "float", "value": 2.675287991074243e-09}]}
