{"__type__": "ndarray", "dtype": "float64", "shape": [2], "data": [{"__type__": "float", "value": 1.5195743635847466e-33}, {"__type__": "float", "value": 1.5195743635847466e-33}]}
