{"__type__": "ndarray", "dtype": "float64", "shape": [1, 1], "data": [{"__type__": "list", "items": [{"__type__": "float", "value": 1.0}]}]}
