{"__type__": "tuple", "items": [{"__type__": "ndarray", "dtype": "float64", "shape": [1], "data": [{"__type__": "float", "value": 4.5961070493442145e-49}]}, {"__type__": "float", "value": 0.14605390401093207}]}
