{"__type__": "tuple", "items": [{"__type__": "ndarray", "dtype": "float64", "shape": [1], "data": [{"__type__": "float", "value": 2.5758474230153346e-05}]}, {"__type__": "ndarray", "dtype": "float64", "shape": [1], "data": [{"__type__": "float", "value": 0.6230437241866621}]}]}
