{"__type__": "ndarray", "dtype": "complex128", "shape": [1], "data": [{"__type__": "complex", "real": 1.996346594741599, "imag": 0.0}]}
