{"__type__": "ndarray", "dtype": "float64", "shape": [5, 5], "data": [{"__type__": "list", "items": [{"__type__": "float", "value": 1.0}, {"__type__": "float", "value": 1.0}, {"__type__": "float", "value": 1.0}, {"__type__": "float", "value": 1.0}, {"__type__": "float", "value": 1.0}]}, {"__type__": "list", "items": [{"__type__": "float", "value": 1.0}, {"__type__": "float", "value": 1.0}, {"__type__": "float", "value": 1.0}, {"__type__": "float", "value": 1.0}, {"__type__": "float", "value": 1.0}]}, {"__type__": "list", "items": [{"__type__": "float", "value": 1.0}, {"__type__": "float", "value": 1.0}, {"__type__": "float", "value": 1.0}, {"__type__": "float", "value": 1.0}, {"__type__": "float", "value": 1.0}]}, {"__type__": "list", "items": [{"__type__": "float", "value": 1.0}, {"__type__": "float", "value": 1.0}, {"__type__": "float", "value": 1.0}, {"__type__": "float", "value": 1.0}, {"__type__": "float", "value": 1.0}]}, {"__type__": "list", "items": [{"__type__": "float", "value": 1.0}, {"__type__": "float", "value": 1.0}, {"__type__": "float", "value": 1.0}, {"__type__": "float", "value": 1.0}, {"__type__": "float", "value": 1.0}]}]}
