{"__type__": "ndarray", "dtype": "float64", "shape": [2], "data": [{"__type__": "float", "value": 2.698200599866689e-16}, {"__type__": "float", "value": 2.698200599866689e-16}]}
