{"__type__": "float", "value": 1.5707962484024436}
