{"__type__": "float", "value": 1.4142135623730951}
