{"__type__": "float", "value": 3.141592653589793}
